
===========================================================================
 report_power
============================================================================
======================= Fastest Corner ===================================

Group                  Internal  Switching    Leakage      Total
                          Power      Power      Power      Power (Watts)
----------------------------------------------------------------
Sequential             1.22e-03   2.44e-04   1.75e-07   1.46e-03  42.4%
Combinational          6.68e-04   6.79e-04   3.36e-09   1.35e-03  39.1%
Clock                  2.96e-04   3.42e-04   2.60e-09   6.38e-04  18.5%
Macro                  0.00e+00   0.00e+00   0.00e+00   0.00e+00   0.0%
Pad                    0.00e+00   0.00e+00   0.00e+00   0.00e+00   0.0%
----------------------------------------------------------------
Total                  2.18e-03   1.26e-03   1.81e-07   3.45e-03 100.0%
                          63.3%      36.7%       0.0%

======================= Slowest Corner ===================================

Group                  Internal  Switching    Leakage      Total
                          Power      Power      Power      Power (Watts)
----------------------------------------------------------------
Sequential             8.32e-04   1.59e-04   2.74e-06   9.94e-04  41.8%
Combinational          5.01e-04   4.45e-04   3.01e-06   9.49e-04  39.9%
Clock                  2.13e-04   2.20e-04   3.66e-07   4.34e-04  18.2%
Macro                  0.00e+00   0.00e+00   0.00e+00   0.00e+00   0.0%
Pad                    0.00e+00   0.00e+00   0.00e+00   0.00e+00   0.0%
----------------------------------------------------------------
Total                  1.55e-03   8.25e-04   6.11e-06   2.38e-03 100.0%
                          65.0%      34.7%       0.3%

======================= Typical Corner ===================================

Group                  Internal  Switching    Leakage      Total
                          Power      Power      Power      Power (Watts)
----------------------------------------------------------------
Sequential             1.06e-03   2.04e-04   1.74e-07   1.26e-03  42.2%
Combinational          6.11e-04   5.70e-04   2.18e-09   1.18e-03  39.5%
Clock                  2.59e-04   2.87e-04   1.73e-09   5.47e-04  18.3%
Macro                  0.00e+00   0.00e+00   0.00e+00   0.00e+00   0.0%
Pad                    0.00e+00   0.00e+00   0.00e+00   0.00e+00   0.0%
----------------------------------------------------------------
Total                  1.93e-03   1.06e-03   1.78e-07   2.99e-03 100.0%
                          64.5%      35.5%       0.0%

